============================= test session starts =============================
collecting ... collected 1215 items

tests/test_active_target_report.py::test_o_nasil_uses_conversation_state PASSED [  0%]
tests/test_active_target_report.py::test_screen_spatial_not_swallowed PASSED [  0%]
tests/test_app_v4_shell.py::test_navigation_constant_exists_and_ordered PASSED [  0%]
tests/test_app_v4_shell.py::test_store_integration_observes_events PASSED [  0%]
tests/test_app_v4_shell.py::test_shell_no_backend_mutation PASSED        [  0%]
tests/test_app_v4_shell.py::test_subscriber_notification_on_apply PASSED [  0%]
tests/test_app_v4_shell.py::test_page_registry_maps_all_10_nav_items_to_callables PASSED [  0%]
tests/test_app_v4_shell.py::test_each_page_class_instantiates_without_backend_mutation PASSED [  0%]
tests/test_capability_binding.py::test_extract_structured_value_from_search_matches PASSED [  0%]
tests/test_capability_binding.py::test_extract_structured_value_from_verified_output_wrapper PASSED [  0%]
tests/test_capability_binding.py::test_search_to_open_is_a_field_binding_not_a_tool_pair PASSED [  0%]
tests/test_capability_binding.py::test_resolve_argument_binding_uses_verified_search_path PASSED [  0%]
tests/test_capability_binding.py::test_empty_search_does_not_invent_a_path PASSED [  1%]
tests/test_capability_binding.py::test_unresolved_binding_fails_the_step_instead_of_completing PASSED [  1%]
tests/test_capability_binding.py::test_resolve_step_tool_arguments_fills_bound_path PASSED [  1%]
tests/test_capability_v3.py::test_contract_is_immutable PASSED           [  1%]
tests/test_capability_v3.py::test_contract_defaults_are_safe PASSED      [  1%]
tests/test_capability_v3.py::test_verification_strategy_timeout_default PASSED [  1%]
tests/test_capability_v3.py::test_registry_rejects_empty_name PASSED     [  1%]
tests/test_capability_v3.py::test_registry_get_returns_none_when_missing PASSED [  1%]
tests/test_capability_v3.py::test_registry_all_is_sorted PASSED          [  1%]
tests/test_capability_v3.py::test_registry_tools_for_includes_default_and_overrides PASSED [  1%]
tests/test_capability_v3.py::test_registry_capabilities_for_tool_reverse_lookup PASSED [  1%]
tests/test_capability_v3.py::test_registry_verifier_for_returns_bound_instance PASSED [  1%]
tests/test_capability_v3.py::test_registry_verifier_binding_rejects_empty_capability PASSED [  2%]
tests/test_capability_v3.py::test_registry_to_dict_is_serialisable PASSED [  2%]
tests/test_capability_v3.py::test_registry_has_no_routing_methods PASSED [  2%]
tests/test_capability_v3.py::test_registry_does_not_import_intent_or_orchestrator PASSED [  2%]
tests/test_capability_v3.py::test_default_contract_for_filesystem_write_has_required_fields PASSED [  2%]
tests/test_capability_v3.py::test_default_contract_for_unknown_capability_is_none PASSED [  2%]
tests/test_capability_v3.py::test_default_contract_for_browser_navigate_targets_client PASSED [  2%]
tests/test_capability_v3.py::test_default_registry_contains_every_v2_capability PASSED [  2%]
tests/test_capability_v3.py::test_default_registry_binds_verifiers_for_specific_tools PASSED [  2%]
tests/test_capability_v3.py::test_default_registry_generic_verifier_is_not_bound_to_everything PASSED [  2%]
tests/test_capability_v3.py::test_default_registry_estimated_cost_scales_with_risk PASSED [  2%]
tests/test_capability_v3.py::test_windows_capabilities_lists_every_contract PASSED [  2%]
tests/test_capability_v3.py::test_windows_capability_names_filters_by_target PASSED [  3%]
tests/test_capability_v3.py::test_windows_capability_summary_has_required_fields PASSED [  3%]
tests/test_chat_sanitize.py::test_mission_telemetry_detected PASSED      [  3%]
tests/test_chat_sanitize.py::test_sanitize_falls_back PASSED             [  3%]
tests/test_chat_sanitize.py::test_natural_reply_kept PASSED              [  3%]
tests/test_checklist_v3.py::test_1_production_entrypoint_uses_v3 PASSED  [  3%]
tests/test_checklist_v3.py::test_4_local_routing_not_used_by_runtime PASSED [  3%]
tests/test_checklist_v3.py::test_5_capability_registry_does_not_route PASSED [  3%]
tests/test_checklist_v3.py::test_6_production_bootstrap_does_not_install_default_approval PASSED [  3%]
tests/test_checklist_v3.py::test_16_17_18_policy_approval_audit_wired FAILED [  3%]
tests/test_checklist_v3.py::test_22_skip_approval_is_v2_backcompat_not_v3 PASSED [  3%]
tests/test_checklist_v3.py::test_28_bootstrap_uses_real_hermes_server_client_in_production PASSED [  3%]
tests/test_checklist_v3.py::test_30_no_shim_stub_noop_in_v3_modules PASSED [  4%]
tests/test_cli_logging.py::test_cli_logging_quiet_suppresses_info PASSED [  4%]
tests/test_cli_logging.py::test_cli_logging_debug_shows_structlog PASSED [  4%]
tests/test_cli_logging.py::test_suppress_http_logs PASSED                [  4%]
tests/test_client_modules.py::test_default_server_url PASSED             [  4%]
tests/test_client_modules.py::test_apply_server_defaults_keeps_existing_url PASSED [  4%]
tests/test_client_modules.py::test_voice_listener_wake_words PASSED      [  4%]
tests/test_client_modules.py::test_modern_theme_palette PASSED           [  4%]
tests/test_client_modules.py::test_cursor_status_shape PASSED            [  4%]
tests/test_client_modules.py::test_run_cursor_cli_without_binary PASSED  [  4%]
tests/test_client_modules.py::test_ocr_screen_without_image PASSED       [  4%]
tests/test_client_modules.py::test_find_cursor_respects_env PASSED       [  4%]
tests/test_client_tts_flow.py::test_client_tts_flow_events_with_mocked_playback PASSED [  5%]
tests/test_client_tts_flow.py::test_ssl_error_triggers_insecure_retry PASSED [  5%]
tests/test_computer_control.py::test_registry_includes_computer_control_tools PASSED [  5%]
tests/test_computer_control.py::test_screenshot_is_read_only PASSED      [  5%]
tests/test_computer_control.py::test_open_app_is_low_risk PASSED         [  5%]
tests/test_computer_control.py::test_interactive_tools_require_approval PASSED [  5%]
tests/test_computer_control.py::test_low_risk_tools_allowed_without_approval PASSED [  5%]
tests/test_computer_control.py::test_destructive_type_text_denied PASSED [  5%]
tests/test_computer_control.py::test_sensitive_field_warning PASSED      [  5%]
tests/test_computer_control.py::test_open_app_tool_mocked PASSED         [  5%]
tests/test_computer_control.py::test_open_url_tool_mocked PASSED         [  5%]
tests/test_computer_control.py::test_screenshot_tool_mocked PASSED       [  5%]
tests/test_continuous_reasoning_v3.py::test_scenario_a_dependent_steps FAILED [  6%]
tests/test_continuous_reasoning_v3.py::test_scenario_c_unexpected_observation_triggers_rereason FAILED [  6%]
tests/test_continuous_reasoning_v3.py::test_scenario_d_complete_with_verified_evidence FAILED [  6%]
tests/test_continuous_reasoning_v3.py::test_scenario_e_unknown_verification_blocks_complete FAILED [  6%]
tests/test_conversational_context.py::test_last_created_file_resolution PASSED [  6%]
tests/test_conversational_context.py::test_active_file_resolution PASSED [  6%]
tests/test_conversational_context.py::test_active_folder_resolution PASSED [  6%]
tests/test_conversational_context.py::test_ambiguous_reference_requires_user PASSED [  6%]
tests/test_conversational_context.py::test_completed_mission_context_persists PASSED [  6%]
tests/test_conversational_context.py::test_same_folder_reference PASSED  [  6%]
tests/test_conversational_context.py::test_multiple_files_resolution PASSED [  6%]
tests/test_conversational_context.py::test_literal_content_not_confused_with_instruction PASSED [  6%]
tests/test_conversational_context.py::test_expected_outputs_prevent_premature_completion PASSED [  6%]
tests/test_conversational_context.py::test_reference_resolver_does_not_invent_target PASSED [  7%]
tests/test_conversational_context.py::test_context_updates_from_write_file PASSED [  7%]
tests/test_conversational_context.py::test_context_updates_from_create_folder PASSED [  7%]
tests/test_conversational_context.py::test_mission_fails_when_expected_outputs_not_met PASSED [  7%]
tests/test_core_experience_v1.py::test_turn_trace_stages PASSED          [  7%]
tests/test_core_experience_v1.py::test_speech_quality_rejects_noise PASSED [  7%]
tests/test_core_experience_v1.py::test_youtube_homepage_open_skips_playback_assist PASSED [  7%]
tests/test_core_experience_v1.py::test_open_url_tool_does_not_force_youtube_sleep PASSED [  7%]
tests/test_core_experience_v1.py::test_early_simple_local_sets_fast_path_trace FAILED [  7%]
tests/test_credentials.py::test_resolve_api_key_prefers_env PASSED       [  7%]
tests/test_credentials.py::test_resolve_api_key_uses_inline_when_no_store PASSED [  7%]
tests/test_credentials.py::test_resolve_api_key_uses_keyring PASSED      [  7%]
tests/test_credentials.py::test_set_api_key_writes_keyring PASSED        [  8%]
tests/test_dynamic_file_mission.py::test_requires_tool_output_dependency_for_system_info_goal PASSED [  8%]
tests/test_dynamic_file_mission.py::test_literal_composite_routing_preferences PASSED [  8%]
tests/test_dynamic_file_mission.py::test_dynamic_goal_routes_to_mission_not_fast_path PASSED [  8%]
tests/test_dynamic_file_mission.py::test_build_dynamic_system_info_file_plan_structure PASSED [  8%]
tests/test_dynamic_file_mission.py::test_ensure_dynamic_file_plan_replaces_under_specified_plan PASSED [  8%]
tests/test_dynamic_file_mission.py::test_format_system_info_file_content_includes_required_fields PASSED [  8%]
tests/test_dynamic_file_mission.py::test_resolve_write_file_content_from_prepared_logical_step PASSED [  8%]
tests/test_dynamic_file_mission.py::test_planner_repairs_bad_dynamic_plan PASSED [  8%]
tests/test_dynamic_file_mission.py::test_engine_dynamic_system_info_write_flow PASSED [  8%]
tests/test_dynamic_file_mission.py::test_engine_blocks_placeholder_write_without_prior_output PASSED [  8%]
tests/test_dynamic_file_mission.py::test_finalize_dynamic_file_plan_wires_ai_plan_without_logical_kind PASSED [  8%]
tests/test_dynamic_file_mission.py::test_resolve_write_file_content_from_tool_output_binding PASSED [  9%]
tests/test_dynamic_file_mission.py::test_record_tool_result_preserves_step_outputs PASSED [  9%]
tests/test_dynamic_file_mission.py::test_engine_ai_plan_without_logical_kind_still_writes PASSED [  9%]
tests/test_dynamic_file_mission.py::test_engine_unresolved_write_dependency_fails PASSED [  9%]
tests/test_e2e_scenarios_v3.py::test_e2e_1_create_folder_and_write FAILED [  9%]
tests/test_e2e_scenarios_v3.py::test_e2e_2_read_and_rewrite FAILED       [  9%]
tests/test_e2e_scenarios_v3.py::test_e2e_3_system_inspect FAILED         [  9%]
tests/test_e2e_scenarios_v3.py::test_e2e_4_failure_then_alternative FAILED [  9%]
tests/test_e2e_scenarios_v3.py::test_e2e_5_multi_action_report FAILED    [  9%]
tests/test_e2e_scenarios_v3.py::test_e2e_6_user_question_for_ambiguity FAILED [  9%]
tests/test_e2e_scenarios_v3.py::test_e2e_7_long_running_save_resume FAILED [  9%]
tests/test_e2e_scenarios_v3.py::test_e2e_8_secret_in_tool_output_is_scrubbed FAILED [  9%]
tests/test_e2e_scenarios_v3.py::test_e2e_9_invalid_capability_handled FAILED [ 10%]
tests/test_e2e_scenarios_v3.py::test_e2e_10_production_default_fails_closed PASSED [ 10%]
tests/test_execution_log_v3.py::test_store_is_durable_across_instances PASSED [ 10%]
tests/test_execution_log_v3.py::test_store_appends_in_order PASSED       [ 10%]
tests/test_execution_log_v3.py::test_store_file_is_real_jsonl PASSED     [ 10%]
tests/test_execution_log_v3.py::test_store_returns_frozen_tuples PASSED  [ 10%]
tests/test_execution_log_v3.py::test_store_rejects_unknown_event_kind_in_read PASSED [ 10%]
tests/test_execution_log_v3.py::test_store_rejects_malformed_json PASSED [ 10%]
tests/test_execution_log_v3.py::test_store_is_append_only PASSED         [ 10%]
tests/test_execution_log_v3.py::test_store_no_event_is_silently_swallowed PASSED [ 10%]
tests/test_execution_log_v3.py::test_events_for_filters_by_correlation PASSED [ 10%]
tests/test_execution_log_v3.py::test_events_for_unknown_correlation_is_empty PASSED [ 10%]
tests/test_execution_log_v3.py::test_history_for_action_preserves_order PASSED [ 11%]
tests/test_execution_log_v3.py::test_actions_lists_distinct_action_ids_in_first_seen_order PASSED [ 11%]
tests/test_execution_log_v3.py::test_count_by_kind_aggregates PASSED     [ 11%]
tests/test_execution_log_v3.py::test_action_success_is_recorded_independently_from_verification PASSED [ 11%]
tests/test_execution_log_v3.py::test_observation_is_kept_separate_from_action PASSED [ 11%]
tests/test_execution_log_v3.py::test_log_has_no_goal_completion_event PASSED [ 11%]
tests/test_execution_log_v3.py::test_record_verification_translates_v2_result PASSED [ 11%]
tests/test_execution_log_v3.py::test_record_verification_rejects_unknown_status PASSED [ 11%]
tests/test_execution_log_v3.py::test_extract_observation_data_handles_none PASSED [ 11%]
tests/test_execution_log_v3.py::test_recovery_recorder_emits_pair_and_tracks_budget PASSED [ 11%]
tests/test_execution_log_v3.py::test_recovery_recorder_rejects_unknown_result PASSED [ 11%]
tests/test_execution_log_v3.py::test_recovery_recorder_does_not_double_count_on_aborted_start PASSED [ 11%]
tests/test_execution_log_v3.py::test_auditor_writes_one_event_per_call PASSED [ 12%]
tests/test_execution_log_v3.py::test_execution_log_has_no_routing_or_llm_methods PASSED [ 12%]
tests/test_execution_log_v3.py::test_execution_log_modules_do_not_import_intent_or_orchestrator PASSED [ 12%]
tests/test_execution_log_v3.py::test_execution_log_does_not_call_policy_or_approval PASSED [ 12%]
tests/test_execution_log_v3.py::test_serialization_is_deterministic_across_runs PASSED [ 12%]
tests/test_execution_log_v3.py::test_append_many_writes_in_order PASSED  [ 12%]
tests/test_execution_log_v3.py::test_path_property_reflects_disk_location PASSED [ 12%]
tests/test_execution_log_v3.py::test_lifecycle_helpers PASSED            [ 12%]
tests/test_file_decision.py::test_auto_pick_last_verified_duplicate_name PASSED [ 12%]
tests/test_file_decision.py::test_resolver_auto_opens_recent_duplicate PASSED [ 12%]
tests/test_file_decision.py::test_open_all_two_files PASSED              [ 12%]
tests/test_file_decision.py::test_deictic_open_uses_last_created_without_question PASSED [ 12%]
tests/test_file_decision.py::test_ambiguous_when_no_context_signal PASSED [ 13%]
tests/test_file_intent.py::test_guess_file_action_word_tevhid PASSED     [ 13%]
tests/test_file_intent.py::test_guess_file_action_delete_folder PASSED   [ 13%]
tests/test_file_tools.py::test_resolve_user_path_desktop_relative PASSED [ 13%]
tests/test_file_tools.py::test_write_and_list_and_delete FAILED          [ 13%]
tests/test_file_tools.py::test_create_word_document FAILED               [ 13%]
tests/test_filesystem_ground_truth_v3.py::test_liar_write_file_does_not_create_file FAILED [ 13%]
tests/test_filesystem_ground_truth_v3.py::test_honest_write_file_passes_verification FAILED [ 13%]
tests/test_filesystem_ground_truth_v3.py::test_filesystem_change_verifier_catches_liar_move PASSED [ 13%]
tests/test_filesystem_ground_truth_v3.py::test_filesystem_change_verifier_detects_real_move PASSED [ 13%]
tests/test_filesystem_ground_truth_v3.py::test_filesystem_change_verifier_detects_real_delete PASSED [ 13%]
tests/test_filesystem_ground_truth_v3.py::test_filesystem_change_verifier_catches_liar_delete PASSED [ 13%]
tests/test_final_acceptance_v3.py::test_acceptance_1_production_entrypoint_uses_v3 PASSED [ 13%]
tests/test_final_acceptance_v3.py::test_acceptance_2_reasoning_runtime_is_entry PASSED [ 14%]
tests/test_final_acceptance_v3.py::test_acceptance_3_server_is_semantic_owner PASSED [ 14%]
tests/test_final_acceptance_v3.py::test_acceptance_4_no_local_regex_semantic_routing PASSED [ 14%]
tests/test_final_acceptance_v3.py::test_acceptance_5_6_capability_registry_is_contract_only PASSED [ 14%]
tests/test_final_acceptance_v3.py::test_acceptance_7_to_10_runtime_records_every_event FAILED [ 14%]
tests/test_final_acceptance_v3.py::test_acceptance_11_complete_evidence_required FAILED [ 14%]
tests/test_final_acceptance_v3.py::test_acceptance_12_unexpected_triggers_re_reason FAILED [ 14%]
tests/test_final_acceptance_v3.py::test_acceptance_13_filesystem_ground_truth_covered PASSED [ 14%]
tests/test_final_acceptance_v3.py::test_acceptance_14_recovery_in_execution_log PASSED [ 14%]
tests/test_final_acceptance_v3.py::test_acceptance_15_session_resume_real PASSED [ 14%]
tests/test_final_acceptance_v3.py::test_acceptance_16_17_18_security_chain_wired PASSED [ 14%]
tests/test_final_acceptance_v3.py::test_acceptance_19_20_credential_safety PASSED [ 14%]
tests/test_final_acceptance_v3.py::test_acceptance_21_22_23_ui_voice_cli_share_runtime PASSED [ 15%]
tests/test_final_acceptance_v3.py::test_acceptance_24_server_client_contract PASSED [ 15%]
tests/test_final_acceptance_v3.py::test_acceptance_25_malformed_reply_raises PASSED [ 15%]
tests/test_final_acceptance_v3.py::test_acceptance_26_audit_log_no_secret FAILED [ 15%]
tests/test_final_acceptance_v3.py::test_acceptance_27_world_model_thread_safe PASSED [ 15%]
tests/test_final_acceptance_v3.py::test_acceptance_28_save_and_resume_keeps_objective PASSED [ 15%]
tests/test_final_acceptance_v3.py::test_acceptance_29_completion_with_verified_evidence FAILED [ 15%]
tests/test_final_acceptance_v3.py::test_acceptance_30_no_shim_stub_fake PASSED [ 15%]
tests/test_folder_reference.py::test_folder_reference_write_file_uses_parent_folder PASSED [ 15%]
tests/test_folder_reference.py::test_folder_reference_does_not_fall_back_to_desktop PASSED [ 15%]
tests/test_folder_reference.py::test_existing_folder_becomes_target_context PASSED [ 15%]
tests/test_folder_reference.py::test_nested_relative_file_creation PASSED [ 15%]
tests/test_folder_reference.py::test_last_created_folder_reference PASSED [ 16%]
tests/test_folder_reference.py::test_ambiguous_folder_reference_requires_user PASSED [ 16%]
tests/test_folder_reference.py::test_composite_skips_create_folder_when_exists PASSED [ 16%]
tests/test_folder_reference.py::test_named_folder_message_is_not_composite_create PASSED [ 16%]
tests/test_folder_reference.py::test_verification_checks_expected_parent_directory PASSED [ 16%]
tests/test_folder_reference.py::test_extract_named_folder_name_variants PASSED [ 16%]
tests/test_folder_reference.py::test_contextual_folder_resolves_active_folder PASSED [ 16%]
tests/test_install_intent.py::test_guess_install_libreoffice PASSED      [ 16%]
tests/test_install_intent.py::test_guess_install_chrome_kur PASSED       [ 16%]
tests/test_interactive_intent.py::test_match_scroll_down PASSED          [ 16%]
tests/test_interactive_intent.py::test_match_show_desktop PASSED         [ 16%]
tests/test_interactive_intent.py::test_match_browser_back PASSED         [ 16%]
tests/test_interactive_intent.py::test_match_click_video_title PASSED    [ 17%]
tests/test_interactive_intent.py::test_match_literal_visible_label_still_click_text PASSED [ 17%]
tests/test_interactive_intent.py::test_spatial_video_reference_is_not_literal_click_text PASSED [ 17%]
tests/test_interactive_intent.py::test_match_read_screen_results PASSED  [ 17%]
tests/test_local_intent.py::test_match_dns_change_google PASSED          [ 17%]
tests/test_local_intent.py::test_match_dns_explicit_ips PASSED           [ 17%]
tests/test_local_intent.py::test_match_screenshot_and_network PASSED     [ 17%]
tests/test_local_intent.py::test_match_screen_read_phrases PASSED        [ 17%]
tests/test_local_intent.py::test_match_ignores_chat_and_multi_step_chrome PASSED [ 17%]
tests/test_local_intent.py::test_summarize_dns_success PASSED            [ 17%]
tests/test_logging_app.py::test_setup_app_logging_writes_file PASSED     [ 17%]
tests/test_logging_app.py::test_setup_logging_survives_none_stderr PASSED [ 17%]
tests/test_logs_viewer.py::test_read_log_tail_missing_file PASSED        [ 18%]
tests/test_logs_viewer.py::test_read_log_tail_returns_last_lines PASSED  [ 18%]
tests/test_logs_viewer.py::test_read_log_tail_empty_file PASSED          [ 18%]
tests/test_logs_viewer.py::test_open_log_file_missing PASSED             [ 18%]
tests/test_logs_viewer.py::test_open_log_file_success PASSED             [ 18%]
tests/test_manifest.py::test_build_tool_manifest_has_required_fields PASSED [ 18%]
tests/test_manifest.py::test_parse_local_tool_request PASSED             [ 18%]
tests/test_manifest.py::test_parse_local_tool_request_ignores_normal_text PASSED [ 18%]
tests/test_manifest.py::test_format_tool_result_message PASSED           [ 18%]
tests/test_manifest.py::test_extract_url_hint PASSED                     [ 18%]
tests/test_manifest.py::test_format_tool_result_open_app_navigation_hint PASSED [ 18%]
tests/test_manifest.py::test_local_client_context_instructions_include_manifest PASSED [ 18%]
tests/test_manifest.py::test_local_client_context_session_metadata PASSED [ 19%]
tests/test_manifest.py::test_capabilities_notice PASSED                  [ 19%]
tests/test_memory_integration_v3.py::test_world_model_and_memory_are_separate_objects PASSED [ 19%]
tests/test_memory_integration_v3.py::test_memory_layers_refuse_secrets PASSED [ 19%]
tests/test_memory_integration_v3.py::test_runtime_does_not_invoke_memory_for_decisions PASSED [ 19%]
tests/test_memory_integration_v3.py::test_memory_and_world_model_dont_share_state_objects PASSED [ 19%]
tests/test_memory_integration_v3.py::test_runtime_memory_view_is_empty_when_no_memory PASSED [ 19%]
tests/test_memory_integration_v3.py::test_memory_injection_reaches_llm_prompt FAILED [ 19%]
tests/test_memory_v3.py::test_session_memory_records_turns_in_order PASSED [ 19%]
tests/test_memory_v3.py::test_session_memory_persists_to_disk_and_reloads PASSED [ 19%]
tests/test_memory_v3.py::test_session_memory_last_returns_recent_turns PASSED [ 19%]
tests/test_memory_v3.py::test_session_memory_caps_length PASSED          [ 19%]
tests/test_memory_v3.py::test_session_memory_clear_empties_store PASSED  [ 20%]
tests/test_memory_v3.py::test_episodic_memory_records_past_tasks PASSED  [ 20%]
tests/test_memory_v3.py::test_episodic_memory_filters_by_outcome_and_capability PASSED [ 20%]
tests/test_memory_v3.py::test_episodic_memory_scrubs_secrets_in_summaries PASSED [ 20%]
tests/test_memory_v3.py::test_episodic_memory_persists_to_disk PASSED    [ 20%]
tests/test_memory_v3.py::test_long_term_memory_remembers_and_recalls PASSED [ 20%]
tests/test_memory_v3.py::test_long_term_memory_refuses_secret_keys PASSED [ 20%]
tests/test_memory_v3.py::test_long_term_memory_scrubs_secret_like_values PASSED [ 20%]
tests/test_memory_v3.py::test_long_term_memory_expires_facts PASSED      [ 20%]
tests/test_memory_v3.py::test_long_term_memory_forget_returns_whether_it_existed PASSED [ 20%]
tests/test_memory_v3.py::test_long_term_memory_persists_to_disk PASSED   [ 20%]
tests/test_memory_v3.py::test_memory_layers_have_no_routing_methods PASSED [ 20%]
tests/test_memory_v3.py::test_memory_does_not_import_security_or_orchestrator PASSED [ 20%]
tests/test_memory_v3.py::test_session_memory_scrubs_secrets_at_record_time PASSED [ 21%]
tests/test_memory_v35.py::test_production_session_persists_and_restores_context FAILED [ 21%]
tests/test_memory_v35.py::test_sessions_are_isolated_in_production_runtime FAILED [ 21%]
tests/test_memory_v35.py::test_episodic_and_long_term_memory_really_persist PASSED [ 21%]
tests/test_memory_v35.py::test_explicit_long_term_fact_from_reasoning_persists FAILED [ 21%]
tests/test_memory_v35.py::test_sensitive_reasoning_memory_fact_is_rejected_fail_closed FAILED [ 21%]
tests/test_memory_v35.py::test_all_memory_layers_scrub_sensitive_values_on_disk PASSED [ 21%]
tests/test_memory_v35.py::test_long_term_memory_rejects_sensitive_keys[password] PASSED [ 21%]
tests/test_memory_v35.py::test_long_term_memory_rejects_sensitive_keys[api_key] PASSED [ 21%]
tests/test_memory_v35.py::test_long_term_memory_rejects_sensitive_keys[token] PASSED [ 21%]
tests/test_memory_v35.py::test_long_term_memory_rejects_sensitive_keys[secret] PASSED [ 21%]
tests/test_memory_v35.py::test_long_term_memory_rejects_sensitive_keys[private key] PASSED [ 21%]
tests/test_memory_v35.py::test_long_term_memory_rejects_sensitive_keys[credential] PASSED [ 22%]
tests/test_memory_v35.py::test_persistence_scrubber_failure_rolls_back_and_keeps_disk_unchanged PASSED [ 22%]
tests/test_memory_v35.py::test_runtime_session_snapshot_scrubs_world_model_evidence PASSED [ 22%]
tests/test_memory_v35.py::test_memory_is_not_world_model_or_execution_log PASSED [ 22%]
tests/test_memory_v35.py::test_production_runtime_uses_real_memory_not_noop FAILED [ 22%]
tests/test_memory_v35.py::test_corrupt_persistent_memory_fails_closed PASSED [ 22%]
tests/test_mission.py::test_mission_model_roundtrip PASSED               [ 22%]
tests/test_mission.py::test_mission_progress_ratio PASSED                [ 22%]
tests/test_mission.py::test_fast_path_dns_not_mission PASSED             [ 22%]
tests/test_mission.py::test_complex_goals_create_mission[Standart PC kurulumu yap] PASSED [ 22%]
tests/test_mission.py::test_complex_goals_create_mission[Bu GitHub reposunu analiz et, kur ve calistir] PASSED [ 22%]
tests/test_mission.py::test_complex_goals_create_mission[Bu bilgisayari analiz et ve guvenli sekilde optimize et] PASSED [ 22%]
tests/test_mission.py::test_complex_goals_create_mission[Bu siteyi favoriye ekle ve masaustune uygulama olarak olustur] PASSED [ 23%]
tests/test_mission.py::test_mission_store_create_persist_load PASSED     [ 23%]
tests/test_mission.py::test_mission_store_active_and_resume PASSED       [ 23%]
tests/test_mission.py::test_mission_store_survives_restart PASSED        [ 23%]
tests/test_mission.py::test_mission_store_steps_and_tool_results PASSED  [ 23%]
tests/test_mission.py::test_mission_index_persisted PASSED               [ 23%]
tests/test_mission.py::test_ui_state_mission_snapshot PASSED             [ 23%]
tests/test_mission_planner.py::test_simple_mission_ai_plan PASSED        [ 23%]
tests/test_mission_planner.py::test_multi_step_mission_execution PASSED  [ 23%]
tests/test_mission_planner.py::test_invalid_ai_plan_json PASSED          [ 23%]
tests/test_mission_planner.py::test_unknown_tool_in_plan PASSED          [ 23%]
tests/test_mission_planner.py::test_invalid_arguments_in_plan PASSED     [ 23%]
tests/test_mission_planner.py::test_planner_timeout_falls_back_to_heuristic PASSED [ 24%]
tests/test_mission_planner.py::test_planner_failure_falls_back_to_heuristic PASSED [ 24%]
tests/test_mission_planner.py::test_cached_plan_skips_ai_call PASSED     [ 24%]
tests/test_mission_planner.py::test_resumed_plan_without_replan PASSED   [ 24%]
tests/test_mission_planner.py::test_security_rejection_blocks_execution PASSED [ 24%]
tests/test_mission_planner.py::test_planning_context_structure PASSED    [ 24%]
tests/test_mission_planner.py::test_heuristic_plan_for_pc_setup PASSED   [ 24%]
tests/test_mission_planner.py::test_invalid_ai_plan_triggers_heuristic PASSED [ 24%]
tests/test_mission_planner.py::test_engine_fallback_recommended_when_planner_fails PASSED [ 24%]
tests/test_mission_recovery.py::test_classify_errors PASSED              [ 24%]
tests/test_mission_recovery.py::test_step_fatal_default PASSED           [ 24%]
tests/test_mission_recovery.py::test_retry_success PASSED                [ 24%]
tests/test_mission_recovery.py::test_retry_exhausted_waiting_for_user PASSED [ 25%]
tests/test_mission_recovery.py::test_already_installed_idempotency PASSED [ 25%]
tests/test_mission_recovery.py::test_non_fatal_step_skipped PASSED       [ 25%]
tests/test_mission_recovery.py::test_recovery_state_persistence PASSED   [ 25%]
tests/test_mission_recovery.py::test_resume_during_recovery PASSED       [ 25%]
tests/test_mission_recovery.py::test_auth_required_waiting_for_user PASSED [ 25%]
tests/test_mission_recovery.py::test_risk_escalation_requires_approval PASSED [ 25%]
tests/test_muvahhid_v4_compliance.py::test_no_hermes_display_string_in_ui_modules PASSED [ 25%]
tests/test_muvahhid_v4_compliance.py::test_nav_items_display_labels_turkish PASSED [ 25%]
tests/test_muvahhid_v4_compliance.py::test_core_audio_probe_instantiation_fallback_safe PASSED [ 25%]
tests/test_muvahhid_v4_compliance.py::test_v4_hud_panel_4_corners PASSED [ 25%]
tests/test_muvahhid_v4_compliance.py::test_regression_core_disappears_after_1s PASSED [ 25%]
tests/test_orchestrator_timeout_v3.py::test_turn_timeout_none_keeps_backwards_compatible_behaviour FAILED [ 26%]
tests/test_orchestrator_timeout_v3.py::test_turn_timeout_caps_a_runaway_loop_with_failed_turn FAILED [ 26%]
tests/test_orchestrator_timeout_v3.py::test_turn_timeout_emits_failed_status_event FAILED [ 26%]
tests/test_orchestrator_timeout_v3.py::test_process_turn_does_not_invent_success_on_timeout PASSED [ 26%]
tests/test_orchestrator_timeout_v3.py::test_voice_active_request_can_be_cancelled_during_runaway_turn PASSED [ 26%]
tests/test_orchestrator_v34.py::test_create_folder_verifies_and_next_turn_uses_reference FAILED [ 26%]
tests/test_orchestrator_v34.py::test_production_transport_carries_verified_reference_to_next_turn FAILED [ 26%]
tests/test_orchestrator_v34.py::test_success_true_with_unknown_verification_cannot_complete FAILED [ 26%]
tests/test_orchestrator_v34.py::test_verification_failure_is_sent_to_rereasoning FAILED [ 26%]
tests/test_orchestrator_v34.py::test_wrong_path_observation_then_recovery FAILED [ 26%]
tests/test_orchestrator_v34.py::test_incomplete_multi_step_goal_cannot_complete FAILED [ 26%]
tests/test_orchestrator_v34.py::test_repeated_capability_requirements_need_distinct_verified_actions FAILED [ 26%]
tests/test_orchestrator_v34.py::test_prior_turn_evidence_cannot_complete_unrelated_turn FAILED [ 26%]
tests/test_orchestrator_v34.py::test_timeout_cancels_execution_and_next_turn_is_clean FAILED [ 27%]
